0 verbose cli C:\nvm4w\nodejs\node.exe C:\Users\ASUS\AppData\Local\nvm\v23.6.0\node_modules\npm\bin\npm-cli.js
1 info using npm@11.11.0
2 info using node@v23.6.0
3 silly config load:file:C:\Users\ASUS\AppData\Local\nvm\v23.6.0\node_modules\npm\npmrc
4 silly config load:file:D:\Webdev\offbeat-india\.npmrc
5 silly config load:file:C:\Users\ASUS\.npmrc
6 silly config load:file:C:\nvm4w\nodejs\etc\npmrc
7 verbose title npm exec shadcn@4.16.0 add --overwrite accordion alert-dialog alert aspect-ratio avatar badge breadcrumb button calendar card carousel chart checkbox collapsible command context-menu dialog drawer dropdown-menu form hover-card input-otp input label menubar navigation-menu pagination popover progress radio-group resizable scroll-area select separator sheet sidebar skeleton slider sonner switch table tabs textarea toggle-group toggle tooltip
8 verbose argv "exec" "--" "shadcn@4.16.0" "add" "--overwrite" "accordion" "alert-dialog" "alert" "aspect-ratio" "avatar" "badge" "breadcrumb" "button" "calendar" "card" "carousel" "chart" "checkbox" "collapsible" "command" "context-menu" "dialog" "drawer" "dropdown-menu" "form" "hover-card" "input-otp" "input" "label" "menubar" "navigation-menu" "pagination" "popover" "progress" "radio-group" "resizable" "scroll-area" "select" "separator" "sheet" "sidebar" "skeleton" "slider" "sonner" "switch" "table" "tabs" "textarea" "toggle-group" "toggle" "tooltip"
9 verbose logfile logs-max:10 dir:D:\Webdev\offbeat-india\.npm-cache\_logs\2026-08-16T13_46_32_249Z-
10 verbose logfile D:\Webdev\offbeat-india\.npm-cache\_logs\2026-08-16T13_46_32_249Z-debug-0.log
11 silly logfile start cleaning logs, removing 1 files
12 silly packumentCache heap:4345298944 maxSize:1086324736 maxEntrySize:543162368
13 silly logfile done cleaning log files
14 http fetch GET 200 https://registry.npmjs.org/shadcn 224ms (cache revalidated)
15 silly packumentCache heap:4345298944 maxSize:1086324736 maxEntrySize:543162368
16 silly packumentCache heap:4345298944 maxSize:1086324736 maxEntrySize:543162368
17 verbose cwd D:\Webdev\offbeat-india
18 verbose os Windows_NT 10.0.26200
19 verbose node v23.6.0
20 verbose npm  v11.11.0
21 verbose exit 0
22 info ok
