0 verbose cli C:\nvm4w\nodejs\node.exe C:\nvm4w\nodejs\node_modules\npm\bin\npm-cli.js
1 info using npm@11.11.0
2 info using node@v23.6.0
3 silly config load:file:C:\Users\ASUS\AppData\Local\nvm\v23.6.0\node_modules\npm\npmrc
4 silly config load:file:D:\Webdev\offbeat-india\.npmrc
5 silly config load:file:C:\Users\ASUS\.npmrc
6 silly config load:file:C:\nvm4w\nodejs\etc\npmrc
7 verbose title npm install react-day-picker@latest recharts@2.15.4
8 verbose argv "install" "--" "react-day-picker@latest" "recharts@2.15.4"
9 verbose logfile logs-max:10 dir:D:\Webdev\offbeat-india\.npm-cache\_logs\2026-08-16T13_44_35_485Z-
10 verbose logfile D:\Webdev\offbeat-india\.npm-cache\_logs\2026-08-16T13_44_35_485Z-debug-0.log
11 silly logfile start cleaning logs, removing 1 files
12 silly packumentCache heap:4345298944 maxSize:1086324736 maxEntrySize:543162368
13 silly logfile done cleaning log files
14 silly packumentCache corgi:https://registry.npmjs.org/react-day-picker cache-miss
15 http cache https://registry.npmjs.org/react-day-picker 332ms (cache hit)
16 silly packumentCache corgi:https://registry.npmjs.org/react-day-picker set size:557497 disposed:false
17 silly idealTree buildDeps
18 silly fetch manifest react-day-picker@10.0.1
19 silly packumentCache full:https://registry.npmjs.org/react-day-picker cache-miss
20 http cache https://registry.npmjs.org/react-day-picker 15ms (cache hit)
21 silly packumentCache full:https://registry.npmjs.org/react-day-picker set size:1169083 disposed:false
22 silly fetch manifest @types/react@^19
23 silly packumentCache full:https://registry.npmjs.org/@types%2freact cache-miss
24 http cache https://registry.npmjs.org/@types%2freact 77ms (cache hit)
25 silly packumentCache full:https://registry.npmjs.org/@types%2freact set size:2637439 disposed:false
26 silly fetch manifest react@^19
27 silly packumentCache full:https://registry.npmjs.org/react cache-miss
28 http cache https://registry.npmjs.org/react 37ms (cache hit)
29 silly packumentCache full:https://registry.npmjs.org/react set size:6897881 disposed:false
30 silly fetch manifest recharts@2.15.4
31 silly packumentCache full:https://registry.npmjs.org/recharts cache-miss
32 http cache https://registry.npmjs.org/recharts 34ms (cache hit)
33 silly packumentCache full:https://registry.npmjs.org/recharts set size:1441197 disposed:false
34 silly fetch manifest react-dom@^19
35 silly packumentCache full:https://registry.npmjs.org/react-dom cache-miss
36 http cache https://registry.npmjs.org/react-dom 141ms (cache hit)
37 silly packumentCache full:https://registry.npmjs.org/react-dom set size:9267760 disposed:false
38 silly placeDep ROOT react-day-picker@10.0.1 REPLACE for: my-v0-project@0.1.0 want: 10.0.1
39 silly placeDep ROOT recharts@2.15.4 REPLACE for: my-v0-project@0.1.0 want: 2.15.4
40 silly fetch manifest lodash@^4.17.21
41 silly packumentCache full:https://registry.npmjs.org/lodash cache-miss
42 silly fetch manifest react-is@^18.3.1
43 silly packumentCache full:https://registry.npmjs.org/react-is cache-miss
44 silly fetch manifest react-smooth@^4.0.4
45 silly packumentCache full:https://registry.npmjs.org/react-smooth cache-miss
46 silly fetch manifest eventemitter3@^4.0.1
47 silly packumentCache full:https://registry.npmjs.org/eventemitter3 cache-miss
48 silly fetch manifest recharts-scale@^0.4.4
49 silly packumentCache full:https://registry.npmjs.org/recharts-scale cache-miss
50 silly fetch manifest victory-vendor@^36.6.8
51 silly packumentCache full:https://registry.npmjs.org/victory-vendor cache-miss
52 http cache https://registry.npmjs.org/eventemitter3 157ms (cache hit)
53 silly packumentCache full:https://registry.npmjs.org/eventemitter3 set size:92292 disposed:false
54 http cache https://registry.npmjs.org/victory-vendor 160ms (cache hit)
55 silly packumentCache full:https://registry.npmjs.org/victory-vendor set size:249209 disposed:false
56 http cache https://registry.npmjs.org/react-is 182ms (cache hit)
57 silly packumentCache full:https://registry.npmjs.org/react-is set size:5581794 disposed:false
58 http fetch GET 200 https://registry.npmjs.org/recharts-scale 357ms (cache miss)
59 silly packumentCache full:https://registry.npmjs.org/recharts-scale set size:undefined disposed:false
60 http fetch GET 200 https://registry.npmjs.org/lodash 372ms (cache miss)
61 silly packumentCache full:https://registry.npmjs.org/lodash set size:undefined disposed:false
62 http fetch GET 200 https://registry.npmjs.org/react-smooth 395ms (cache miss)
63 silly packumentCache full:https://registry.npmjs.org/react-smooth set size:undefined disposed:false
64 silly fetch manifest react@^18 || ~19.0.1 || ~19.1.2 || ^19.2.1
65 silly packumentCache full:https://registry.npmjs.org/react cache-miss
66 http cache https://registry.npmjs.org/react 29ms (cache hit)
67 silly packumentCache full:https://registry.npmjs.org/react set size:6897881 disposed:false
68 verbose stack Error: could not resolve
68 verbose stack     at PlaceDep.failPeerConflict (C:\Users\ASUS\AppData\Local\nvm\v23.6.0\node_modules\npm\node_modules\@npmcli\arborist\lib\place-dep.js:503:25)
68 verbose stack     at new PlaceDep (C:\Users\ASUS\AppData\Local\nvm\v23.6.0\node_modules\npm\node_modules\@npmcli\arborist\lib\place-dep.js:157:21)
68 verbose stack     at #buildDepStep (C:\Users\ASUS\AppData\Local\nvm\v23.6.0\node_modules\npm\node_modules\@npmcli\arborist\lib\arborist\build-ideal-tree.js:933:18)
68 verbose stack     at async Arborist.buildIdealTree (C:\Users\ASUS\AppData\Local\nvm\v23.6.0\node_modules\npm\node_modules\@npmcli\arborist\lib\arborist\build-ideal-tree.js:170:7)
68 verbose stack     at async Promise.all (index 1)
68 verbose stack     at async Arborist.reify (C:\Users\ASUS\AppData\Local\nvm\v23.6.0\node_modules\npm\node_modules\@npmcli\arborist\lib\arborist\reify.js:110:5)
68 verbose stack     at async Install.exec (C:\Users\ASUS\AppData\Local\nvm\v23.6.0\node_modules\npm\lib\commands\install.js:152:5)
68 verbose stack     at async Npm.exec (C:\Users\ASUS\AppData\Local\nvm\v23.6.0\node_modules\npm\lib\npm.js:209:9)
68 verbose stack     at async module.exports (C:\Users\ASUS\AppData\Local\nvm\v23.6.0\node_modules\npm\lib\cli\entry.js:67:5)
69 error code ERESOLVE
70 error ERESOLVE could not resolve
71 error
72 error While resolving: @ai-sdk/react@4.0.40
72 error Found: react@19.0.0
72 error node_modules/react
72 error   peer react@">=16.8.0" from @floating-ui/react-dom@2.1.2
72 error   node_modules/@floating-ui/react-dom
72 error     @floating-ui/react-dom@"^2.0.0" from @radix-ui/react-popper@1.3.7
72 error     node_modules/@radix-ui/react-popper
72 error       @radix-ui/react-popper@"1.3.7" from @radix-ui/react-hover-card@1.1.23
72 error       node_modules/@radix-ui/react-hover-card
72 error         @radix-ui/react-hover-card@"1.1.23" from radix-ui@1.6.7
72 error         node_modules/radix-ui
72 error         1 more (the root project)
72 error       5 more (@radix-ui/react-menu, @radix-ui/react-popover, ...)
72 error   peer react@"^16.8 || ^17.0 || ^18.0 || ^19.0 || ^19.0.0-rc" from @radix-ui/react-accessible-icon@1.1.15
72 error   node_modules/@radix-ui/react-accessible-icon
72 error     @radix-ui/react-accessible-icon@"1.1.15" from radix-ui@1.6.7
72 error     node_modules/radix-ui
72 error       radix-ui@"^1.6.7" from the root project
72 error   80 more (@radix-ui/react-accordion, ...)
72 error
72 error Could not resolve dependency:
72 error peer react@"^18 || ~19.0.1 || ~19.1.2 || ^19.2.1" from @ai-sdk/react@4.0.40
72 error node_modules/@ai-sdk/react
72 error   @ai-sdk/react@"^4.0.40" from the root project
72 error
72 error Conflicting peer dependency: react@19.2.8
72 error node_modules/react
72 error   peer react@"^18 || ~19.0.1 || ~19.1.2 || ^19.2.1" from @ai-sdk/react@4.0.40
72 error   node_modules/@ai-sdk/react
72 error     @ai-sdk/react@"^4.0.40" from the root project
72 error
72 error Fix the upstream dependency conflict, or retry
72 error this command with --force or --legacy-peer-deps
72 error to accept an incorrect (and potentially broken) dependency resolution.
73 error
73 error
73 error For a full report see:
73 error D:\Webdev\offbeat-india\.npm-cache\_logs\2026-08-16T13_44_35_485Z-eresolve-report.txt
74 silly unfinished npm timer reify 1786887876882
75 silly unfinished npm timer reify:loadTrees 1786887876884
76 silly unfinished npm timer idealTree:buildDeps 1786887878050
77 silly unfinished npm timer idealTree:node_modules/@ai-sdk/react 1786887879130
78 verbose cwd D:\Webdev\offbeat-india
79 verbose os Windows_NT 10.0.26200
80 verbose node v23.6.0
81 verbose npm  v11.11.0
82 verbose exit 1
83 verbose code 1
84 error A complete log of this run can be found in: D:\Webdev\offbeat-india\.npm-cache\_logs\2026-08-16T13_44_35_485Z-debug-0.log
